// Jest Snapshot v1, https://goo.gl/fbAQLP

exports[`aggregate-branches with a single old branch behind trunk 1`] = `
Object {
  "count": 1,
  "indicators": Array [
    Object {
      "name": "Total",
      "tooltip": "Total numbers of branches in the repository",
      "value": 1,
    },
    Object {
      "name": "Active",
      "tooltip": "Active development branches which are in-sync with master",
      "value": 0,
    },
    Object {
      "name": "Abandoned",
      "tooltip": "Inactive development branches which are out-of-sync with master, but contain commits which are not present on master",
      "value": 0,
    },
    Object {
      "name": "Delete candidates",
      "tooltip": "Inactive development branches which are in-sync with master",
      "value": 0,
    },
    Object {
      "name": "Possibly conflicting",
      "tooltip": "Branches that are significantly out of sync with master",
      "value": 0,
    },
  ],
  "name": "Branches",
}
`;
